components/FacultyContactModal.tsx(56,11): error TS2741: Property 'interviewDate' is missing in type '{ id: number; name: string; website: string; email: string; researchArea: string; contactStatus: FacultyContactStatus; contactDate: string | null; }' but required in type 'FacultyContact'.
hooks/useApplications.ts(72,13): error TS2741: Property 'reminders' is missing in type '{ id: string; universityName: string; programName: string; programType: ProgramType; status: ApplicationStatus.NotStarted; facultyContacts: FacultyContact[]; ... 17 more ...; customProgramType: string; }' but required in type 'Application'.
